C51 COMPILER V9.54   MAIN                                                                  05/21/2025 23:47:25 PAGE 1   


C51 COMPILER V9.54, COMPILATION OF MODULE MAIN
OBJECT MODULE PLACED IN .\Objects\main.obj
COMPILER INVOKED BY: Z:\5151\C51\BIN\C51.EXE main.c OPTIMIZE(8,SPEED) BROWSE DEBUG OBJECTEXTEND PRINT(.\Listings\main.ls
                    -t) TABS(2) OBJECT(.\Objects\main.obj)

line level    source

   1          #include <REGX52.H>
   2          #include <INTRINS.H>
   3          
   4          void main (){
   5   1      //  P2=0xFE;Ïàµ±ÓÚ 1111 1110¼´
   6   1        
   7   1      //  P2_0=1;
   8   1      //  P2_1=1;
   9   1      //  P2_2=1;
  10   1      //  P2_3=1;
  11   1      //  P2_4=1;
  12   1      //  P2_5=1;
  13   1      //  P2_6=1;
  14   1      //  P2_7=0;
  15   1        while(1){
  16   2          if(P3_1==1)
  17   2          {
  18   3            P2_0=1;
  19   3          }
  20   2          else
  21   2          {
  22   3            P2_0=0;
  23   3          }
  24   2        }
  25   1      }


MODULE INFORMATION:   STATIC OVERLAYABLE
   CODE SIZE        =     11    ----
   CONSTANT SIZE    =   ----    ----
   XDATA SIZE       =   ----    ----
   PDATA SIZE       =   ----    ----
   DATA SIZE        =   ----    ----
   IDATA SIZE       =   ----    ----
   BIT SIZE         =   ----    ----
END OF MODULE INFORMATION.


C51 COMPILATION COMPLETE.  0 WARNING(S),  0 ERROR(S)
