C51 COMPILER V9.54   MAIN                                                                  05/22/2025 23:07:26 PAGE 1   


C51 COMPILER V9.54, COMPILATION OF MODULE MAIN
OBJECT MODULE PLACED IN .\Objects\main.obj
COMPILER INVOKED BY: Z:\5151\C51\BIN\C51.EXE main.c OPTIMIZE(8,SPEED) BROWSE DEBUG OBJECTEXTEND PRINT(.\Listings\main.ls
                    -t) TABS(2) OBJECT(.\Objects\main.obj)

line level    source

   1          #include <REGX52.H>
   2          #include <INTRINS.H>
   3          void Delay(unsigned int x_ms)//@12.000MHz
   4          {
   5   1        unsigned char data i, j;
   6   1        while(x_ms--){
   7   2          i = 2;
   8   2        j = 239;
   9   2        do
  10   2        {
  11   3          while (--j);
  12   3        } while (--i);
  13   2      }
  14   1      }
  15          void Nixie(unsigned int Location,unsigned int Num)
  16          {
  17   1        int NUM[9]={0,0x06,0x5B,0x4F,0x66,0x6D,0x7D,0x07,0x7F};
  18   1        switch(Location)
  19   1        {
  20   2          case 8:P2_4=0;P2_3=0;P2_2=0;break;
  21   2          case 7:P2_4=0;P2_3=0;P2_2=1;break;
  22   2          case 6:P2_4=0;P2_3=1;P2_2=0;break;
  23   2          case 5:P2_4=0;P2_3=1;P2_2=1;break;
  24   2          case 4:P2_4=1;P2_3=0;P2_2=0;break;
  25   2          case 3:P2_4=1;P2_3=0;P2_2=1;break;
  26   2          case 2:P2_4=1;P2_3=1;P2_2=0;break;
  27   2          case 1:P2_4=1;P2_3=1;P2_2=1;break;
  28   2        }
  29   1        P0=NUM[Num];
  30   1        Delay(5);
  31   1      }
  32          void main()
  33          {
  34   1        while(1){
  35   2          Nixie(1,1);
  36   2          Nixie(2,2);
  37   2          Nixie(3,3);
  38   2        }
  39   1      }


MODULE INFORMATION:   STATIC OVERLAYABLE
   CODE SIZE        =    193    ----
   CONSTANT SIZE    =     18    ----
   XDATA SIZE       =   ----    ----
   PDATA SIZE       =   ----    ----
   DATA SIZE        =   ----      22
   IDATA SIZE       =   ----    ----
   BIT SIZE         =   ----    ----
END OF MODULE INFORMATION.


C51 COMPILATION COMPLETE.  0 WARNING(S),  0 ERROR(S)
